\BOOKMARK [0][-]{section*.2}{\376\377\000P\000H\0003\0002\0004\0004\000E\000x\000p\000e\000r\000i\000m\000e\000n\000t\000\040\000-\000\040\0007\000F\000r\000a\000n\000k\000\040\000H\000e\000r\000t\000z}{}% 2
\BOOKMARK [1][-]{section*.1}{\376\377\000S\000y\000n\000o\000p\000s\000i\000s}{section*.2}% 1
\BOOKMARK [1][-]{section*.3}{\376\377\000C\000o\000n\000t\000e\000n\000t\000s}{section*.2}% 3
\BOOKMARK [1][-]{section*.4}{\376\377\000T\000h\000e\000o\000r\000y\000\040\000a\000n\000d\000\040\000P\000r\000o\000c\000e\000d\000u\000r\000e}{section*.2}% 4
\BOOKMARK [2][-]{section*.5}{\376\377\000T\000h\000e\000o\000r\000y}{section*.4}% 5
\BOOKMARK [2][-]{section*.6}{\376\377\000P\000r\000o\000c\000e\000d\000u\000r\000e}{section*.4}% 6
\BOOKMARK [1][-]{section*.7}{\376\377\000O\000b\000s\000e\000r\000v\000a\000t\000i\000o\000n}{section*.2}% 7
\BOOKMARK [2][-]{section*.8}{\376\377\000G\000e\000n\000e\000r\000a\000l\000\040\000V\000a\000l\000u\000e\000s\000T\000h\000e\000\040\000l\000e\000a\000s\000t\000\040\000c\000o\000u\000n\000t\000\040\000i\000s\000\040\000t\000o\000\040\000b\000e\000\040\000i\000n\000t\000e\000r\000p\000r\000e\000t\000e\000d\000\040\000f\000r\000o\000m\000\040\000t\000h\000e\000\040\000s\000i\000g\000n\000i\000f\000i\000c\000a\000n\000t\000\040\000f\000i\000g\000u\000r\000e\000s\000\040\000w\000r\000i\000t\000t\000e\000n}{section*.7}% 8
\BOOKMARK [2][-]{section*.9}{\376\377\000M\000o\000d\000e\000l\000\040\0001\000\040\000t\000e\000s\000t\000\040\000d\000a\000t\000a}{section*.7}% 9
\BOOKMARK [2][-]{section*.11}{\376\377\000M\000o\000d\000e\000l\000\040\0002\000\040\000i\000n\000s\000t\000a\000n\000t\000i\000o\000u\000s\000\040\000d\000a\000t\000a}{section*.7}% 10
\BOOKMARK [1][-]{section*.13}{\376\377\000C\000a\000l\000c\000u\000l\000a\000t\000i\000o\000n\000s\000,\000\040\000A\000n\000a\000l\000y\000s\000i\000s\000\040\000a\000n\000d\000\040\000C\000h\000a\000r\000a\000c\000t\000e\000r\000i\000s\000t\000i\000c\000s}{section*.2}% 11
\BOOKMARK [2][-]{section*.14}{\376\377\000S\000o\000u\000r\000c\000e\000s\000\040\000o\000f\000\040\000E\000r\000r\000o\000r}{section*.13}% 12
\BOOKMARK [3][-]{section*.15}{\376\377\000S\000y\000s\000t\000e\000m\000a\000t\000i\000c\000\040\000E\000r\000r\000o\000r\000s}{section*.14}% 13
\BOOKMARK [3][-]{section*.16}{\376\377\000R\000a\000n\000d\000o\000m\000\040\000E\000r\000r\000o\000r\000s}{section*.14}% 14
\BOOKMARK [2][-]{section*.17}{\376\377\000E\000r\000r\000o\000r\000\040\000P\000r\000o\000p\000o\000g\000a\000t\000i\000o\000n}{section*.13}% 15
\BOOKMARK [2][-]{section*.18}{\376\377\000C\000a\000l\000c\000u\000l\000a\000t\000i\000o\000n\000s}{section*.13}% 16
\BOOKMARK [1][-]{section*.20}{\376\377\000R\000e\000s\000u\000l\000t\000\040\000a\000n\000d\000\040\000C\000o\000n\000c\000l\000u\000s\000i\000o\000n}{section*.2}% 17
\BOOKMARK [1][-]{section*.21}{\376\377\000R\000e\000f\000e\000r\000e\000n\000c\000e\000s}{section*.2}% 18
\BOOKMARK [1][-]{section*.22}{\376\377\000T\000h\000e\000o\000r\000a\000t\000i\000c\000a\000l\000\040\000v\000a\000l\000u\000e\000s\000\040\000a\000n\000d\000\040\000c\000o\000m\000p\000a\000r\000i\000s\000i\000o\000n}{section*.2}% 19
\BOOKMARK [1][-]{section*.23}{\376\377\000I\000m\000p\000r\000o\000v\000m\000e\000n\000t\000s\000\040\000i\000n\000\040\000p\000r\000o\000c\000e\000d\000u\000r\000e}{section*.2}% 20
