\BOOKMARK [0][-]{section*.2}{\376\377\000P\000H\0003\0002\0004\0004\000E\000x\000p\000e\000r\000i\000m\000e\000n\000t\000\040\000-\000\040\0003\000\040\000F\000E\000T\000\040\000C\000h\000a\000r\000a\000c\000t\000e\000r\000i\000s\000t\000i\000c\000s}{}% 2
\BOOKMARK [1][-]{section*.1}{\376\377\000S\000y\000n\000o\000p\000s\000i\000s}{section*.2}% 1
\BOOKMARK [1][-]{section*.3}{\376\377\000C\000o\000n\000t\000e\000n\000t\000s}{section*.2}% 3
\BOOKMARK [1][-]{section*.4}{\376\377\000T\000h\000e\000o\000r\000y\000\040\000a\000n\000d\000\040\000P\000r\000o\000c\000e\000d\000u\000r\000e}{section*.2}% 4
\BOOKMARK [2][-]{section*.5}{\376\377\000T\000h\000e\000o\000r\000y\000P\000l\000e\000a\000s\000e\000\040\000r\000e\000f\000e\000r\000\040\000t\000o\000\040\000[\000p\000h\0003\0002\0004\0004\000r\000e\000p\000o\000]\000\040\000f\000o\000r\000\040\000a\000\040\000f\000u\000l\000l\000\040\000e\000x\000a\000m\000i\000n\000a\000t\000i\000o\000n\000\040\000o\000f\000\040\000t\000h\000e\000o\000r\000y\000,\000\040\000o\000n\000l\000y\000\040\000t\000h\000e\000\040\000i\000m\000p\000o\000r\000t\000a\000n\000t\000\040\000r\000e\000s\000u\000l\000t\000s\000\040\000w\000i\000l\000l\000\040\000b\000e\000\040\000d\000i\000s\000c\000u\000s\000s\000e\000d\000\040\000h\000e\000r\000e\000.}{section*.4}% 5
\BOOKMARK [2][-]{section*.6}{\376\377\000P\000r\000o\000c\000e\000d\000u\000r\000e}{section*.4}% 6
\BOOKMARK [1][-]{section*.7}{\376\377\000O\000b\000s\000e\000r\000v\000a\000t\000i\000o\000n}{section*.2}% 7
\BOOKMARK [2][-]{section*.8}{\376\377\000F\000o\000r\000\040\000c\000o\000n\000s\000t\000a\000n\000t\000\040\000V\000D\000S}{section*.7}% 8
\BOOKMARK [2][-]{section*.10}{\376\377\000\040\000F\000o\000r\000\040\000c\000o\000n\000s\000t\000a\000n\000t\000\040\000V\000G\000S}{section*.7}% 9
\BOOKMARK [1][-]{section*.11}{\376\377\000C\000a\000l\000c\000u\000l\000a\000t\000i\000o\000n\000s\000,\000\040\000A\000n\000a\000l\000y\000s\000i\000s\000\040\000a\000n\000d\000\040\000C\000h\000a\000r\000a\000c\000t\000e\000r\000i\000s\000t\000i\000c\000s}{section*.2}% 10
\BOOKMARK [2][-]{section*.12}{\376\377\000S\000o\000u\000r\000c\000e\000s\000\040\000o\000f\000\040\000E\000r\000r\000o\000r}{section*.11}% 11
\BOOKMARK [3][-]{section*.13}{\376\377\000S\000y\000s\000t\000e\000m\000a\000t\000i\000c\000\040\000E\000r\000r\000o\000r\000s}{section*.12}% 12
\BOOKMARK [3][-]{section*.14}{\376\377\000R\000a\000n\000d\000o\000m\000\040\000E\000r\000r\000o\000r\000s}{section*.12}% 13
\BOOKMARK [2][-]{section*.15}{\376\377\000E\000r\000r\000o\000r\000\040\000P\000r\000o\000p\000o\000g\000a\000t\000i\000o\000n}{section*.11}% 14
\BOOKMARK [2][-]{section*.16}{\376\377\000P\000l\000o\000t\000s\000\040\000a\000n\000d\000\040\000C\000a\000l\000c\000u\000l\000a\000t\000i\000o\000n\000R\000e\000f\000e\000r\000\040\000t\000o\000\040\000[\000p\000h\0003\0002\0004\0004\000r\000e\000p\000o\000]\000\040\000f\000o\000r\000\040\000t\000h\000e\000\040\000c\000o\000d\000e\000\040\000u\000s\000e\000d\000\040\000t\000o\000\040\000p\000l\000o\000t\000\040\000a\000n\000d\000\040\000d\000e\000t\000e\000r\000m\000i\000n\000e\000\040\000t\000h\000e\000\040\000s\000l\000o\000p\000e\000.}{section*.11}% 15
\BOOKMARK [1][-]{section*.19}{\376\377\000R\000e\000s\000u\000l\000t\000\040\000a\000n\000d\000\040\000C\000o\000n\000c\000l\000u\000s\000i\000o\000n}{section*.2}% 16
\BOOKMARK [1][-]{section*.20}{\376\377\000C\000h\000e\000c\000k\000i\000n\000g\000\040\000t\000h\000e\000\040\000o\000b\000s\000e\000r\000v\000e\000d\000\040\000v\000a\000l\000u\000e\000s\000\040\000w\000i\000t\000h\000\040\000t\000h\000e\000o\000r\000a\000t\000i\000c\000a\000l}{section*.2}% 17
\BOOKMARK [1][-]{section*.21}{\376\377\000C\000o\000m\000m\000e\000n\000t\000s\000\040\000o\000n\000\040\000h\000o\000w\000\040\000t\000o\000\040\000i\000m\000p\000r\000o\000v\000e\000\040\000t\000h\000e\000\040\000e\000x\000p\000e\000r\000i\000m\000e\000n\000t}{section*.2}% 18
\BOOKMARK [1][-]{section*.22}{\376\377\000W\000h\000y\000\040\000t\000h\000e\000\040\000f\000i\000r\000s\000t\000\040\000d\000a\000t\000a\000s\000e\000t\000\040\000w\000a\000s\000\040\000d\000i\000s\000c\000a\000r\000d\000e\000d}{section*.2}% 19
\BOOKMARK [1][-]{section*.23}{\376\377\000R\000e\000f\000e\000r\000e\000n\000c\000e\000s}{section*.2}% 20
